// Jest Snapshot v1, https://goo.gl/fbAQLP

exports[`User should render correctly 1`] = `
ShallowWrapper {
  "length": 1,
  Symbol(enzyme.__root__): [Circular],
  Symbol(enzyme.__unrendered__): <User
    user={
        Object {
            "avatar_url": "http://github.com/johnDoe",
            "followers": 100,
            "following": 10,
            "location": "US",
            "name": "John Doe",
          }
    }
/>,
  Symbol(enzyme.__renderer__): Object {
    "batchedUpdates": [Function],
    "getNode": [Function],
    "render": [Function],
    "simulateEvent": [Function],
    "unmount": [Function],
  },
  Symbol(enzyme.__node__): Object {
    "instance": null,
    "key": undefined,
    "nodeType": "function",
    "props": Object {
      "centered": true,
      "children": Array [
        <GridRow>
          <Image
                    as="img"
                    src="http://github.com/johnDoe"
                    style={
                              Object {
                                        "borderRadius": 200,
                                        "height": 200,
                                        "width": 200,
                                      }
                    }
                    ui={true}
          />
</GridRow>,
        <GridRow>
          Name: John Doe
</GridRow>,
        <GridRow>
          Location: US
</GridRow>,
        <GridRow>
          Followers: 100
</GridRow>,
        <GridRow>
          Following: 10
</GridRow>,
      ],
    },
    "ref": null,
    "rendered": Array [
      Object {
        "instance": null,
        "key": undefined,
        "nodeType": "function",
        "props": Object {
          "children": <Image
            as="img"
            src="http://github.com/johnDoe"
            style={
                        Object {
                                    "borderRadius": 200,
                                    "height": 200,
                                    "width": 200,
                                  }
            }
            ui={true}
/>,
        },
        "ref": null,
        "rendered": Object {
          "instance": null,
          "key": undefined,
          "nodeType": "function",
          "props": Object {
            "as": "img",
            "src": "http://github.com/johnDoe",
            "style": Object {
              "borderRadius": 200,
              "height": 200,
              "width": 200,
            },
            "ui": true,
          },
          "ref": null,
          "rendered": null,
          "type": [Function],
        },
        "type": [Function],
      },
      Object {
        "instance": null,
        "key": undefined,
        "nodeType": "function",
        "props": Object {
          "children": "Name: John Doe",
        },
        "ref": null,
        "rendered": "Name: John Doe",
        "type": [Function],
      },
      Object {
        "instance": null,
        "key": undefined,
        "nodeType": "function",
        "props": Object {
          "children": "Location: US",
        },
        "ref": null,
        "rendered": "Location: US",
        "type": [Function],
      },
      Object {
        "instance": null,
        "key": undefined,
        "nodeType": "function",
        "props": Object {
          "children": "Followers: 100",
        },
        "ref": null,
        "rendered": "Followers: 100",
        "type": [Function],
      },
      Object {
        "instance": null,
        "key": undefined,
        "nodeType": "function",
        "props": Object {
          "children": "Following: 10",
        },
        "ref": null,
        "rendered": "Following: 10",
        "type": [Function],
      },
    ],
    "type": [Function],
  },
  Symbol(enzyme.__nodes__): Array [
    Object {
      "instance": null,
      "key": undefined,
      "nodeType": "function",
      "props": Object {
        "centered": true,
        "children": Array [
          <GridRow>
            <Image
                        as="img"
                        src="http://github.com/johnDoe"
                        style={
                                    Object {
                                                "borderRadius": 200,
                                                "height": 200,
                                                "width": 200,
                                              }
                        }
                        ui={true}
            />
</GridRow>,
          <GridRow>
            Name: John Doe
</GridRow>,
          <GridRow>
            Location: US
</GridRow>,
          <GridRow>
            Followers: 100
</GridRow>,
          <GridRow>
            Following: 10
</GridRow>,
        ],
      },
      "ref": null,
      "rendered": Array [
        Object {
          "instance": null,
          "key": undefined,
          "nodeType": "function",
          "props": Object {
            "children": <Image
              as="img"
              src="http://github.com/johnDoe"
              style={
                            Object {
                                          "borderRadius": 200,
                                          "height": 200,
                                          "width": 200,
                                        }
              }
              ui={true}
/>,
          },
          "ref": null,
          "rendered": Object {
            "instance": null,
            "key": undefined,
            "nodeType": "function",
            "props": Object {
              "as": "img",
              "src": "http://github.com/johnDoe",
              "style": Object {
                "borderRadius": 200,
                "height": 200,
                "width": 200,
              },
              "ui": true,
            },
            "ref": null,
            "rendered": null,
            "type": [Function],
          },
          "type": [Function],
        },
        Object {
          "instance": null,
          "key": undefined,
          "nodeType": "function",
          "props": Object {
            "children": "Name: John Doe",
          },
          "ref": null,
          "rendered": "Name: John Doe",
          "type": [Function],
        },
        Object {
          "instance": null,
          "key": undefined,
          "nodeType": "function",
          "props": Object {
            "children": "Location: US",
          },
          "ref": null,
          "rendered": "Location: US",
          "type": [Function],
        },
        Object {
          "instance": null,
          "key": undefined,
          "nodeType": "function",
          "props": Object {
            "children": "Followers: 100",
          },
          "ref": null,
          "rendered": "Followers: 100",
          "type": [Function],
        },
        Object {
          "instance": null,
          "key": undefined,
          "nodeType": "function",
          "props": Object {
            "children": "Following: 10",
          },
          "ref": null,
          "rendered": "Following: 10",
          "type": [Function],
        },
      ],
      "type": [Function],
    },
  ],
  Symbol(enzyme.__options__): Object {
    "adapter": ReactSixteenAdapter {
      "options": Object {
        "enableComponentDidUpdateOnSetState": true,
      },
    },
  },
}
`;
